Component: ARM Compiler 5.06 update 7 (build 960) Tool: armlink [4d3601]

==============================================================================

Section Cross References

    sample.o(.text) refers to system_lpc17xx.o(.text) for SystemInit
    sample.o(.text) refers to lib_button.o(.text) for BUTTON_init_disable
    sample.o(.text) refers to lib_joystick.o(.text) for joystick_init
    sample.o(.text) refers to lib_can.o(.text) for CAN_Init
    sample.o(.text) refers to glcd.o(.text) for LCD_Initialization
    sample.o(.text) refers to lib_rit.o(.text) for init_RIT
    sample.o(.text) refers to lib_timer.o(.text) for init_timer
    sample.o(.text) refers to gioco.o(.data) for P1pos
    sample.o(.text) refers to irq_button.o(.data) for attivo
    sample.o(.text) refers to irq_rit.o(.data) for down0
    sample.o(.text) refers to sample.o(.data) for time
    system_lpc17xx.o(.text) refers to system_lpc17xx.o(.data) for SystemFrequency
    irq_timer.o(.text) refers to glcd.o(.text) for GUI_Text
    irq_timer.o(.text) refers to lib_timer.o(.text) for disable_timer
    irq_timer.o(.text) refers to pedina.o(.text) for rimuoviPiccolo
    irq_timer.o(.text) refers to gioco.o(.text) for DelayUS
    irq_timer.o(.text) refers to sample.o(.data) for time
    irq_timer.o(.text) refers to gioco.o(.data) for mossa
    asciilib.o(.text) refers to rt_memcpy_v6.o(.text) for __aeabi_memcpy
    asciilib.o(.text) refers to asciilib.o(.constdata) for AsciiLib
    glcd.o(.text) refers to glcd.o(.data) for LCD_Code
    glcd.o(.text) refers to asciilib.o(.text) for GetASCIICode
    hzlib.o(.text) refers to rt_memcpy_v6.o(.text) for __aeabi_memcpy
    hzlib.o(.text) refers to hzlib.o(.constdata) for HzLib
    scacchiera.o(.text) refers to glcd.o(.text) for LCD_DrawLine
    startup_lpc17xx.o(STACK) refers (Special) to heapauxi.o(.text) for __use_two_region_memory
    startup_lpc17xx.o(HEAP) refers (Special) to heapauxi.o(.text) for __use_two_region_memory
    startup_lpc17xx.o(RESET) refers (Special) to heapauxi.o(.text) for __use_two_region_memory
    startup_lpc17xx.o(RESET) refers to startup_lpc17xx.o(STACK) for __initial_sp
    startup_lpc17xx.o(RESET) refers to startup_lpc17xx.o(.text) for Reset_Handler
    startup_lpc17xx.o(RESET) refers to irq_timer.o(.text) for TIMER0_IRQHandler
    startup_lpc17xx.o(RESET) refers to irq_button.o(.text) for EINT0_IRQHandler
    startup_lpc17xx.o(RESET) refers to irq_can.o(.text) for CAN_IRQHandler
    startup_lpc17xx.o(RESET) refers to irq_rit.o(.text) for RIT_IRQHandler
    startup_lpc17xx.o(.ARM.__at_0x02FC) refers (Special) to heapauxi.o(.text) for __use_two_region_memory
    startup_lpc17xx.o(.text) refers (Special) to heapauxi.o(.text) for __use_two_region_memory
    startup_lpc17xx.o(.text) refers to __main.o(!!!main) for __main
    startup_lpc17xx.o(.text) refers to startup_lpc17xx.o(HEAP) for Heap_Mem
    startup_lpc17xx.o(.text) refers to startup_lpc17xx.o(STACK) for Stack_Mem
    irq_button.o(.text) refers to lib_rit.o(.text) for enable_RIT
    irq_button.o(.text) refers to lib_timer.o(.text) for disable_timer
    irq_button.o(.text) refers to glcd.o(.text) for GUI_Text
    irq_button.o(.text) refers to irq_rit.o(.data) for down0
    irq_button.o(.text) refers to sample.o(.data) for turno
    irq_button.o(.text) refers to gioco.o(.data) for P1Wall
    irq_button.o(.text) refers to irq_button.o(.data) for muriFiniti
    gioco.o(.text) refers to glcd.o(.text) for LCD_Clear
    gioco.o(.text) refers to scacchiera.o(.text) for disegna_scacchiera
    gioco.o(.text) refers to muro.o(.text) for verificaMuroUp
    gioco.o(.text) refers to gioco.o(.bss) for muriDir
    gioco.o(.text) refers to gioco.o(.data) for myscheda
    gioco.o(.text) refers to irq_rit.o(.data) for gameMode
    gioco.o(.text) refers to ai.o(.text) for ArtificialIntelligence
    gioco.o(.text) refers to lib_can.o(.text) for CAN_wrMsg
    gioco.o(.text) refers to lib_timer.o(.text) for enable_timer
    gioco.o(.text) refers to lib_can.o(.bss) for CAN_TxMsg
    gioco.o(.text) refers to move.o(fun) for function1
    gioco.o(.text) refers to sample.o(.data) for turno
    gioco.o(.text) refers to irq_button.o(.data) for insMuro
    gioco.o(.text) refers to muro.o(.data) for muroConferma
    gioco.o(.text) refers to lib_rit.o(.text) for disable_RIT
    irq_rit.o(.text) refers to lib_rit.o(.text) for disable_RIT
    irq_rit.o(.text) refers to glcd.o(.text) for GUI_Text
    irq_rit.o(.text) refers to gioco.o(.text) for selectGameMode
    irq_rit.o(.text) refers to lib_timer.o(.text) for enable_timer
    irq_rit.o(.text) refers to muro.o(.text) for rimuovi_muro
    irq_rit.o(.text) refers to pedina.o(.text) for rimuoviPiccolo
    irq_rit.o(.text) refers to scacchiera.o(.text) for evidenzia_Human
    irq_rit.o(.text) refers to irq_rit.o(.data) for down0
    irq_rit.o(.text) refers to sample.o(.data) for turno
    irq_rit.o(.text) refers to irq_button.o(.data) for attivo
    irq_rit.o(.text) refers to gioco.o(.bss) for posMuro
    irq_rit.o(.text) refers to gioco.o(.data) for posPlayerIn
    irq_rit.o(.text) refers to muro.o(.data) for Horizontal
    pedina.o(.text) refers to scacchiera.o(.text) for convertiInPixel
    pedina.o(.text) refers to muro.o(.text) for verificaMuroDown
    pedina.o(.text) refers to gioco.o(.text) for colora
    pedina.o(.text) refers to gioco.o(.data) for posFermo
    pedina.o(.text) refers to sample.o(.data) for turno
    pedina.o(.text) refers to lib_timer.o(.text) for disable_timer
    pedina.o(.text) refers to glcd.o(.text) for GUI_Text
    pedina.o(.text) refers to move.o(fun) for function1
    pedina.o(.text) refers to irq_button.o(.data) for attivo
    muro.o(.text) refers to scacchiera.o(.text) for convertiInPixel
    muro.o(.text) refers to glcd.o(.text) for LCD_DrawLine
    muro.o(.text) refers to muro.o(.data) for Horizontal
    muro.o(.text) refers to gioco.o(.bss) for muriDir
    muro.o(.text) refers to muro.o(.bss) for visitati
    muro.o(.text) refers to sample.o(.data) for turno
    muro.o(.text) refers to gioco.o(.data) for posFermo
    muro.o(.text) refers to gioco.o(.text) for cambiaTurno
    muro.o(.text) refers to irq_button.o(.data) for insMuro
    lib_can.o(.text) refers to lib_can.o(.data) for result
    lib_can.o(.text) refers to lib_can.o(.constdata) for CAN_BIT_TIME
    irq_can.o(.text) refers to lib_can.o(.text) for CAN_rdMsg
    irq_can.o(.text) refers to glcd.o(.text) for GUI_Text
    irq_can.o(.text) refers to gioco.o(.text) for cambiaTurno2schede
    irq_can.o(.text) refers to lib_can.o(.data) for icr
    irq_can.o(.text) refers to lib_can.o(.bss) for CAN_RxMsg
    irq_can.o(.text) refers to gioco.o(.data) for myscheda
    ai.o(.text) refers to muro.o(.text) for controllaPercorso
    ai.o(.text) refers to gioco.o(.data) for posFermo
    ai.o(.text) refers to irq_button.o(.data) for insMuro
    ai.o(.text) refers to ai.o(.data) for cntUpAv
    ai.o(.text) refers to ai.o(.bss) for visitato
    ai.o(.text) refers to pedina.o(.text) for spostaPedinaUp
    rt_memcpy_v6.o(.text) refers to rt_memcpy_w.o(.text) for __aeabi_memcpy4
    __main.o(!!!main) refers to __rtentry.o(.ARM.Collect$$rtentry$$00000000) for __rt_entry
    __rtentry.o(.ARM.Collect$$rtentry$$00000000) refers (Special) to __rtentry2.o(.ARM.Collect$$rtentry$$0000000A) for __rt_entry_li
    __rtentry.o(.ARM.Collect$$rtentry$$00000000) refers (Special) to __rtentry2.o(.ARM.Collect$$rtentry$$0000000D) for __rt_entry_main
    __rtentry.o(.ARM.Collect$$rtentry$$00000000) refers (Special) to __rtentry2.o(.ARM.Collect$$rtentry$$0000000C) for __rt_entry_postli_1
    __rtentry.o(.ARM.Collect$$rtentry$$00000000) refers (Special) to __rtentry2.o(.ARM.Collect$$rtentry$$00000009) for __rt_entry_postsh_1
    __rtentry.o(.ARM.Collect$$rtentry$$00000000) refers (Special) to __rtentry2.o(.ARM.Collect$$rtentry$$00000002) for __rt_entry_presh_1
    __rtentry.o(.ARM.Collect$$rtentry$$00000000) refers (Special) to __rtentry4.o(.ARM.Collect$$rtentry$$00000004) for __rt_entry_sh
    __rtentry2.o(.ARM.Collect$$rtentry$$00000008) refers to boardinit2.o(.text) for _platform_post_stackheap_init
    __rtentry2.o(.ARM.Collect$$rtentry$$0000000A) refers to libinit.o(.ARM.Collect$$libinit$$00000000) for __rt_lib_init
    __rtentry2.o(.ARM.Collect$$rtentry$$0000000B) refers to boardinit3.o(.text) for _platform_post_lib_init
    __rtentry2.o(.ARM.Collect$$rtentry$$0000000D) refers to sample.o(.text) for main
    __rtentry2.o(.ARM.Collect$$rtentry$$0000000D) refers to exit.o(.text) for exit
    __rtentry2.o(.ARM.exidx) refers to __rtentry2.o(.ARM.Collect$$rtentry$$00000001) for .ARM.Collect$$rtentry$$00000001
    __rtentry2.o(.ARM.exidx) refers to __rtentry2.o(.ARM.Collect$$rtentry$$00000008) for .ARM.Collect$$rtentry$$00000008
    __rtentry2.o(.ARM.exidx) refers to __rtentry2.o(.ARM.Collect$$rtentry$$0000000A) for .ARM.Collect$$rtentry$$0000000A
    __rtentry2.o(.ARM.exidx) refers to __rtentry2.o(.ARM.Collect$$rtentry$$0000000B) for .ARM.Collect$$rtentry$$0000000B
    __rtentry2.o(.ARM.exidx) refers to __rtentry2.o(.ARM.Collect$$rtentry$$0000000D) for .ARM.Collect$$rtentry$$0000000D
    __rtentry4.o(.ARM.Collect$$rtentry$$00000004) refers to sys_stackheap_outer.o(.text) for __user_setup_stackheap
    __rtentry4.o(.ARM.exidx) refers to __rtentry4.o(.ARM.Collect$$rtentry$$00000004) for .ARM.Collect$$rtentry$$00000004
    sys_stackheap_outer.o(.text) refers to libspace.o(.text) for __user_perproc_libspace
    sys_stackheap_outer.o(.text) refers to startup_lpc17xx.o(.text) for __user_initial_stackheap
    exit.o(.text) refers to rtexit.o(.ARM.Collect$$rtexit$$00000000) for __rt_exit
    libinit.o(.ARM.Collect$$libinit$$00000000) refers (Special) to libinit2.o(.ARM.Collect$$libinit$$0000002E) for __rt_lib_init_alloca_1
    libinit.o(.ARM.Collect$$libinit$$00000000) refers (Special) to libinit2.o(.ARM.Collect$$libinit$$0000002C) for __rt_lib_init_argv_1
    libinit.o(.ARM.Collect$$libinit$$00000000) refers (Special) to libinit2.o(.ARM.Collect$$libinit$$0000001B) for __rt_lib_init_atexit_1
    libinit.o(.ARM.Collect$$libinit$$00000000) refers (Special) to libinit2.o(.ARM.Collect$$libinit$$00000021) for __rt_lib_init_clock_1
    libinit.o(.ARM.Collect$$libinit$$00000000) refers (Special) to libinit2.o(.ARM.Collect$$libinit$$00000032) for __rt_lib_init_cpp_1
    libinit.o(.ARM.Collect$$libinit$$00000000) refers (Special) to libinit2.o(.ARM.Collect$$libinit$$00000030) for __rt_lib_init_exceptions_1
    libinit.o(.ARM.Collect$$libinit$$00000000) refers (Special) to libinit2.o(.ARM.Collect$$libinit$$00000002) for __rt_lib_init_fp_1
    libinit.o(.ARM.Collect$$libinit$$00000000) refers (Special) to libinit2.o(.ARM.Collect$$libinit$$0000001F) for __rt_lib_init_fp_trap_1
    libinit.o(.ARM.Collect$$libinit$$00000000) refers (Special) to libinit2.o(.ARM.Collect$$libinit$$00000023) for __rt_lib_init_getenv_1
    libinit.o(.ARM.Collect$$libinit$$00000000) refers (Special) to libinit2.o(.ARM.Collect$$libinit$$0000000A) for __rt_lib_init_heap_1
    libinit.o(.ARM.Collect$$libinit$$00000000) refers (Special) to libinit2.o(.ARM.Collect$$libinit$$00000011) for __rt_lib_init_lc_collate_1
    libinit.o(.ARM.Collect$$libinit$$00000000) refers (Special) to libinit2.o(.ARM.Collect$$libinit$$00000013) for __rt_lib_init_lc_ctype_1
    libinit.o(.ARM.Collect$$libinit$$00000000) refers (Special) to libinit2.o(.ARM.Collect$$libinit$$00000015) for __rt_lib_init_lc_monetary_1
    libinit.o(.ARM.Collect$$libinit$$00000000) refers (Special) to libinit2.o(.ARM.Collect$$libinit$$00000017) for __rt_lib_init_lc_numeric_1
    libinit.o(.ARM.Collect$$libinit$$00000000) refers (Special) to libinit2.o(.ARM.Collect$$libinit$$00000019) for __rt_lib_init_lc_time_1
    libinit.o(.ARM.Collect$$libinit$$00000000) refers (Special) to libinit2.o(.ARM.Collect$$libinit$$00000004) for __rt_lib_init_preinit_1
    libinit.o(.ARM.Collect$$libinit$$00000000) refers (Special) to libinit2.o(.ARM.Collect$$libinit$$0000000E) for __rt_lib_init_rand_1
    libinit.o(.ARM.Collect$$libinit$$00000000) refers (Special) to libinit2.o(.ARM.Collect$$libinit$$00000033) for __rt_lib_init_return
    libinit.o(.ARM.Collect$$libinit$$00000000) refers (Special) to libinit2.o(.ARM.Collect$$libinit$$0000001D) for __rt_lib_init_signal_1
    libinit.o(.ARM.Collect$$libinit$$00000000) refers (Special) to libinit2.o(.ARM.Collect$$libinit$$00000025) for __rt_lib_init_stdio_1
    libinit.o(.ARM.Collect$$libinit$$00000000) refers (Special) to libinit2.o(.ARM.Collect$$libinit$$0000000C) for __rt_lib_init_user_alloc_1
    libspace.o(.text) refers to libspace.o(.bss) for __libspace_start
    rtexit.o(.ARM.Collect$$rtexit$$00000000) refers (Special) to rtexit2.o(.ARM.Collect$$rtexit$$00000004) for __rt_exit_exit
    rtexit.o(.ARM.Collect$$rtexit$$00000000) refers (Special) to rtexit2.o(.ARM.Collect$$rtexit$$00000003) for __rt_exit_ls
    rtexit.o(.ARM.Collect$$rtexit$$00000000) refers (Special) to rtexit2.o(.ARM.Collect$$rtexit$$00000002) for __rt_exit_prels_1
    rtexit.o(.ARM.exidx) refers (Special) to rtexit2.o(.ARM.Collect$$rtexit$$00000004) for __rt_exit_exit
    rtexit.o(.ARM.exidx) refers (Special) to rtexit2.o(.ARM.Collect$$rtexit$$00000003) for __rt_exit_ls
    rtexit.o(.ARM.exidx) refers (Special) to rtexit2.o(.ARM.Collect$$rtexit$$00000002) for __rt_exit_prels_1
    rtexit.o(.ARM.exidx) refers to rtexit.o(.ARM.Collect$$rtexit$$00000000) for .ARM.Collect$$rtexit$$00000000
    libinit2.o(.ARM.Collect$$libinit$$00000010) refers to libinit2.o(.ARM.Collect$$libinit$$0000000F) for .ARM.Collect$$libinit$$0000000F
    libinit2.o(.ARM.Collect$$libinit$$00000012) refers to libinit2.o(.ARM.Collect$$libinit$$0000000F) for .ARM.Collect$$libinit$$0000000F
    libinit2.o(.ARM.Collect$$libinit$$00000014) refers to libinit2.o(.ARM.Collect$$libinit$$0000000F) for .ARM.Collect$$libinit$$0000000F
    libinit2.o(.ARM.Collect$$libinit$$00000016) refers to libinit2.o(.ARM.Collect$$libinit$$0000000F) for .ARM.Collect$$libinit$$0000000F
    libinit2.o(.ARM.Collect$$libinit$$00000018) refers to libinit2.o(.ARM.Collect$$libinit$$0000000F) for .ARM.Collect$$libinit$$0000000F
    libinit2.o(.ARM.Collect$$libinit$$00000026) refers to argv_veneer.o(.emb_text) for __ARM_argv_veneer
    libinit2.o(.ARM.Collect$$libinit$$00000027) refers to argv_veneer.o(.emb_text) for __ARM_argv_veneer
    rtexit2.o(.ARM.Collect$$rtexit$$00000003) refers to libshutdown.o(.ARM.Collect$$libshutdown$$00000000) for __rt_lib_shutdown
    rtexit2.o(.ARM.Collect$$rtexit$$00000004) refers to sys_exit.o(.text) for _sys_exit
    rtexit2.o(.ARM.exidx) refers to rtexit2.o(.ARM.Collect$$rtexit$$00000001) for .ARM.Collect$$rtexit$$00000001
    rtexit2.o(.ARM.exidx) refers to rtexit2.o(.ARM.Collect$$rtexit$$00000003) for .ARM.Collect$$rtexit$$00000003
    rtexit2.o(.ARM.exidx) refers to rtexit2.o(.ARM.Collect$$rtexit$$00000004) for .ARM.Collect$$rtexit$$00000004
    argv_veneer.o(.emb_text) refers to no_argv.o(.text) for __ARM_get_argv
    sys_exit.o(.text) refers (Special) to use_no_semi.o(.text) for __I$use$semihosting
    sys_exit.o(.text) refers (Special) to indicate_semi.o(.text) for __semihosting_library_function
    _get_argv_nomalloc.o(.text) refers (Special) to hrguard.o(.text) for __heap_region$guard
    _get_argv_nomalloc.o(.text) refers to defsig_rtmem_outer.o(.text) for __rt_SIGRTMEM
    _get_argv_nomalloc.o(.text) refers to sys_command.o(.text) for _sys_command_string
    libshutdown.o(.ARM.Collect$$libshutdown$$00000000) refers (Special) to libshutdown2.o(.ARM.Collect$$libshutdown$$00000004) for __rt_lib_shutdown_cpp_1
    libshutdown.o(.ARM.Collect$$libshutdown$$00000000) refers (Special) to libshutdown2.o(.ARM.Collect$$libshutdown$$00000002) for __rt_lib_shutdown_fini_1
    libshutdown.o(.ARM.Collect$$libshutdown$$00000000) refers (Special) to libshutdown2.o(.ARM.Collect$$libshutdown$$00000009) for __rt_lib_shutdown_fp_trap_1
    libshutdown.o(.ARM.Collect$$libshutdown$$00000000) refers (Special) to libshutdown2.o(.ARM.Collect$$libshutdown$$00000011) for __rt_lib_shutdown_heap_1
    libshutdown.o(.ARM.Collect$$libshutdown$$00000000) refers (Special) to libshutdown2.o(.ARM.Collect$$libshutdown$$00000012) for __rt_lib_shutdown_return
    libshutdown.o(.ARM.Collect$$libshutdown$$00000000) refers (Special) to libshutdown2.o(.ARM.Collect$$libshutdown$$0000000C) for __rt_lib_shutdown_signal_1
    libshutdown.o(.ARM.Collect$$libshutdown$$00000000) refers (Special) to libshutdown2.o(.ARM.Collect$$libshutdown$$00000006) for __rt_lib_shutdown_stdio_1
    libshutdown.o(.ARM.Collect$$libshutdown$$00000000) refers (Special) to libshutdown2.o(.ARM.Collect$$libshutdown$$0000000E) for __rt_lib_shutdown_user_alloc_1
    sys_command.o(.text) refers (Special) to use_no_semi.o(.text) for __I$use$semihosting
    sys_command.o(.text) refers (Special) to indicate_semi.o(.text) for __semihosting_library_function
    defsig_rtmem_outer.o(.text) refers to defsig_rtmem_inner.o(.text) for __rt_SIGRTMEM_inner
    defsig_rtmem_outer.o(.text) refers to defsig_exit.o(.text) for __sig_exit
    defsig_rtmem_formal.o(.text) refers to rt_raise.o(.text) for __rt_raise
    rt_raise.o(.text) refers to __raise.o(.text) for __raise
    rt_raise.o(.text) refers to sys_exit.o(.text) for _sys_exit
    defsig_exit.o(.text) refers to sys_exit.o(.text) for _sys_exit
    defsig_rtmem_inner.o(.text) refers to defsig_general.o(.text) for __default_signal_display
    __raise.o(.text) refers to defsig.o(CL$$defsig) for __default_signal_handler
    defsig_general.o(.text) refers to sys_wrch.o(.text) for _ttywrch
    sys_wrch.o(.text) refers (Special) to use_no_semi.o(.text) for __I$use$semihosting
    sys_wrch.o(.text) refers (Special) to indicate_semi.o(.text) for __semihosting_library_function
    defsig.o(CL$$defsig) refers to defsig_rtmem_inner.o(.text) for __rt_SIGRTMEM_inner
    defsig_abrt_inner.o(.text) refers to defsig_general.o(.text) for __default_signal_display
    defsig_fpe_inner.o(.text) refers to defsig_general.o(.text) for __default_signal_display
    defsig_rtred_inner.o(.text) refers to defsig_general.o(.text) for __default_signal_display
    defsig_stak_inner.o(.text) refers to defsig_general.o(.text) for __default_signal_display
    defsig_pvfn_inner.o(.text) refers to defsig_general.o(.text) for __default_signal_display
    defsig_cppl_inner.o(.text) refers to defsig_general.o(.text) for __default_signal_display
    defsig_segv_inner.o(.text) refers to defsig_general.o(.text) for __default_signal_display
    defsig_other.o(.text) refers to defsig_general.o(.text) for __default_signal_display


==============================================================================

Removing Unused input sections from the image.

    Removing sample.o(.rev16_text), (4 bytes).
    Removing sample.o(.revsh_text), (4 bytes).
    Removing sample.o(.rrx_text), (6 bytes).
    Removing sample.o(.bss), (192 bytes).
    Removing core_cm3.o(.emb_text), (32 bytes).
    Removing system_lpc17xx.o(.rev16_text), (4 bytes).
    Removing system_lpc17xx.o(.revsh_text), (4 bytes).
    Removing system_lpc17xx.o(.rrx_text), (6 bytes).
    Removing irq_timer.o(.rev16_text), (4 bytes).
    Removing irq_timer.o(.revsh_text), (4 bytes).
    Removing irq_timer.o(.rrx_text), (6 bytes).
    Removing lib_timer.o(.rev16_text), (4 bytes).
    Removing lib_timer.o(.revsh_text), (4 bytes).
    Removing lib_timer.o(.rrx_text), (6 bytes).
    Removing glcd.o(.rev16_text), (4 bytes).
    Removing glcd.o(.revsh_text), (4 bytes).
    Removing glcd.o(.rrx_text), (6 bytes).
    Removing hzlib.o(.text), (52 bytes).
    Removing hzlib.o(.constdata), (216576 bytes).
    Removing scacchiera.o(.rev16_text), (4 bytes).
    Removing scacchiera.o(.revsh_text), (4 bytes).
    Removing scacchiera.o(.rrx_text), (6 bytes).
    Removing irq_button.o(.rev16_text), (4 bytes).
    Removing irq_button.o(.revsh_text), (4 bytes).
    Removing irq_button.o(.rrx_text), (6 bytes).
    Removing lib_button.o(.rev16_text), (4 bytes).
    Removing lib_button.o(.revsh_text), (4 bytes).
    Removing lib_button.o(.rrx_text), (6 bytes).
    Removing funct_joystick.o(.rev16_text), (4 bytes).
    Removing funct_joystick.o(.revsh_text), (4 bytes).
    Removing funct_joystick.o(.rrx_text), (6 bytes).
    Removing funct_joystick.o(.text), (2 bytes).
    Removing lib_joystick.o(.rev16_text), (4 bytes).
    Removing lib_joystick.o(.revsh_text), (4 bytes).
    Removing lib_joystick.o(.rrx_text), (6 bytes).
    Removing gioco.o(.rev16_text), (4 bytes).
    Removing gioco.o(.revsh_text), (4 bytes).
    Removing gioco.o(.rrx_text), (6 bytes).
    Removing irq_rit.o(.rev16_text), (4 bytes).
    Removing irq_rit.o(.revsh_text), (4 bytes).
    Removing irq_rit.o(.rrx_text), (6 bytes).
    Removing lib_rit.o(.rev16_text), (4 bytes).
    Removing lib_rit.o(.revsh_text), (4 bytes).
    Removing lib_rit.o(.rrx_text), (6 bytes).
    Removing pedina.o(.rev16_text), (4 bytes).
    Removing pedina.o(.revsh_text), (4 bytes).
    Removing pedina.o(.rrx_text), (6 bytes).
    Removing muro.o(.rev16_text), (4 bytes).
    Removing muro.o(.revsh_text), (4 bytes).
    Removing muro.o(.rrx_text), (6 bytes).
    Removing lib_can.o(.rev16_text), (4 bytes).
    Removing lib_can.o(.revsh_text), (4 bytes).
    Removing lib_can.o(.rrx_text), (6 bytes).
    Removing irq_can.o(.rev16_text), (4 bytes).
    Removing irq_can.o(.revsh_text), (4 bytes).
    Removing irq_can.o(.rrx_text), (6 bytes).
    Removing ai.o(.rev16_text), (4 bytes).
    Removing ai.o(.revsh_text), (4 bytes).
    Removing ai.o(.rrx_text), (6 bytes).

59 unused section(s) (total 217106 bytes) removed from the image.

==============================================================================

Image Symbol Table

    Local Symbols

    Symbol Name                              Value     Ov Type        Size  Object(Section)

    RESET                                    0x00000000   Section      204  startup_lpc17xx.o(RESET)
    ../clib/angel/boardlib.s                 0x00000000   Number         0  boardinit1.o ABSOLUTE
    ../clib/angel/boardlib.s                 0x00000000   Number         0  boardinit2.o ABSOLUTE
    ../clib/angel/boardlib.s                 0x00000000   Number         0  boardinit3.o ABSOLUTE
    ../clib/angel/boardlib.s                 0x00000000   Number         0  boardshut.o ABSOLUTE
    ../clib/angel/handlers.s                 0x00000000   Number         0  __scatter_zi.o ABSOLUTE
    ../clib/angel/handlers.s                 0x00000000   Number         0  __scatter_copy.o ABSOLUTE
    ../clib/angel/kernel.s                   0x00000000   Number         0  rtexit.o ABSOLUTE
    ../clib/angel/kernel.s                   0x00000000   Number         0  __rtentry.o ABSOLUTE
    ../clib/angel/kernel.s                   0x00000000   Number         0  __rtentry2.o ABSOLUTE
    ../clib/angel/kernel.s                   0x00000000   Number         0  __rtentry4.o ABSOLUTE
    ../clib/angel/kernel.s                   0x00000000   Number         0  rtexit2.o ABSOLUTE
    ../clib/angel/rt.s                       0x00000000   Number         0  rt_raise.o ABSOLUTE
    ../clib/angel/scatter.s                  0x00000000   Number         0  __scatter.o ABSOLUTE
    ../clib/angel/startup.s                  0x00000000   Number         0  __main.o ABSOLUTE
    ../clib/angel/sys.s                      0x00000000   Number         0  libspace.o ABSOLUTE
    ../clib/angel/sys.s                      0x00000000   Number         0  use_no_semi.o ABSOLUTE
    ../clib/angel/sys.s                      0x00000000   Number         0  sys_stackheap_outer.o ABSOLUTE
    ../clib/angel/sys.s                      0x00000000   Number         0  indicate_semi.o ABSOLUTE
    ../clib/angel/sysapp.c                   0x00000000   Number         0  sys_command.o ABSOLUTE
    ../clib/angel/sysapp.c                   0x00000000   Number         0  sys_wrch.o ABSOLUTE
    ../clib/angel/sysapp.c                   0x00000000   Number         0  sys_exit.o ABSOLUTE
    ../clib/armsys.c                         0x00000000   Number         0  no_argv.o ABSOLUTE
    ../clib/armsys.c                         0x00000000   Number         0  _get_argv_nomalloc.o ABSOLUTE
    ../clib/armsys.c                         0x00000000   Number         0  argv_veneer.o ABSOLUTE
    ../clib/armsys.c                         0x00000000   Number         0  argv_veneer.o ABSOLUTE
    ../clib/heapalloc.c                      0x00000000   Number         0  hrguard.o ABSOLUTE
    ../clib/heapaux.c                        0x00000000   Number         0  heapauxi.o ABSOLUTE
    ../clib/libinit.s                        0x00000000   Number         0  libinit2.o ABSOLUTE
    ../clib/libinit.s                        0x00000000   Number         0  libshutdown.o ABSOLUTE
    ../clib/libinit.s                        0x00000000   Number         0  libinit.o ABSOLUTE
    ../clib/libinit.s                        0x00000000   Number         0  libshutdown2.o ABSOLUTE
    ../clib/memcpset.s                       0x00000000   Number         0  rt_memcpy_w.o ABSOLUTE
    ../clib/memcpset.s                       0x00000000   Number         0  rt_memcpy_v6.o ABSOLUTE
    ../clib/signal.c                         0x00000000   Number         0  defsig_fpe_inner.o ABSOLUTE
    ../clib/signal.c                         0x00000000   Number         0  defsig_stak_inner.o ABSOLUTE
    ../clib/signal.c                         0x00000000   Number         0  defsig_rtred_inner.o ABSOLUTE
    ../clib/signal.c                         0x00000000   Number         0  defsig_general.o ABSOLUTE
    ../clib/signal.c                         0x00000000   Number         0  __raise.o ABSOLUTE
    ../clib/signal.c                         0x00000000   Number         0  defsig_exit.o ABSOLUTE
    ../clib/signal.c                         0x00000000   Number         0  defsig_rtmem_outer.o ABSOLUTE
    ../clib/signal.c                         0x00000000   Number         0  defsig_other.o ABSOLUTE
    ../clib/signal.c                         0x00000000   Number         0  defsig_segv_inner.o ABSOLUTE
    ../clib/signal.c                         0x00000000   Number         0  defsig_rtmem_formal.o ABSOLUTE
    ../clib/signal.c                         0x00000000   Number         0  defsig_cppl_inner.o ABSOLUTE
    ../clib/signal.c                         0x00000000   Number         0  defsig_abrt_inner.o ABSOLUTE
    ../clib/signal.c                         0x00000000   Number         0  defsig_rtmem_inner.o ABSOLUTE
    ../clib/signal.c                         0x00000000   Number         0  defsig_pvfn_inner.o ABSOLUTE
    ../clib/signal.s                         0x00000000   Number         0  defsig.o ABSOLUTE
    ../clib/stdlib.c                         0x00000000   Number         0  exit.o ABSOLUTE
    ../fplib/fpinit.s                        0x00000000   Number         0  fpinit.o ABSOLUTE
    AI\AI.c                                  0x00000000   Number         0  ai.o ABSOLUTE
    AI\\AI.c                                 0x00000000   Number         0  ai.o ABSOLUTE
    CAN\IRQ_CAN.c                            0x00000000   Number         0  irq_can.o ABSOLUTE
    CAN\\IRQ_CAN.c                           0x00000000   Number         0  irq_can.o ABSOLUTE
    CAN\\lib_CAN.c                           0x00000000   Number         0  lib_can.o ABSOLUTE
    CAN\lib_CAN.c                            0x00000000   Number         0  lib_can.o ABSOLUTE
    GLCD\AsciiLib.c                          0x00000000   Number         0  asciilib.o ABSOLUTE
    GLCD\GLCD.c                              0x00000000   Number         0  glcd.o ABSOLUTE
    GLCD\HzLib.c                             0x00000000   Number         0  hzlib.o ABSOLUTE
    GLCD\\GLCD.c                             0x00000000   Number         0  glcd.o ABSOLUTE
    RIT\IRQ_RIT.c                            0x00000000   Number         0  irq_rit.o ABSOLUTE
    RIT\\IRQ_RIT.c                           0x00000000   Number         0  irq_rit.o ABSOLUTE
    RIT\\lib_RIT.c                           0x00000000   Number         0  lib_rit.o ABSOLUTE
    RIT\lib_RIT.c                            0x00000000   Number         0  lib_rit.o ABSOLUTE
    button_EXINT\IRQ_button.c                0x00000000   Number         0  irq_button.o ABSOLUTE
    button_EXINT\\IRQ_button.c               0x00000000   Number         0  irq_button.o ABSOLUTE
    button_EXINT\\lib_button.c               0x00000000   Number         0  lib_button.o ABSOLUTE
    button_EXINT\lib_button.c                0x00000000   Number         0  lib_button.o ABSOLUTE
    core_cm3.c                               0x00000000   Number         0  core_cm3.o ABSOLUTE
    core_cm3.c                               0x00000000   Number         0  core_cm3.o ABSOLUTE
    dc.s                                     0x00000000   Number         0  dc.o ABSOLUTE
    gioco\\gioco.c                           0x00000000   Number         0  gioco.o ABSOLUTE
    gioco\gioco.c                            0x00000000   Number         0  gioco.o ABSOLUTE
    gioco\move.s                             0x00000000   Number         0  move.o ABSOLUTE
    joystick\\funct_joystick.c               0x00000000   Number         0  funct_joystick.o ABSOLUTE
    joystick\\lib_joystick.c                 0x00000000   Number         0  lib_joystick.o ABSOLUTE
    joystick\funct_joystick.c                0x00000000   Number         0  funct_joystick.o ABSOLUTE
    joystick\lib_joystick.c                  0x00000000   Number         0  lib_joystick.o ABSOLUTE
    muro\\muro.c                             0x00000000   Number         0  muro.o ABSOLUTE
    muro\muro.c                              0x00000000   Number         0  muro.o ABSOLUTE
    pedina\\pedina.c                         0x00000000   Number         0  pedina.o ABSOLUTE
    pedina\pedina.c                          0x00000000   Number         0  pedina.o ABSOLUTE
    sample.c                                 0x00000000   Number         0  sample.o ABSOLUTE
    sample.c                                 0x00000000   Number         0  sample.o ABSOLUTE
    scacchiera\\scacchiera.c                 0x00000000   Number         0  scacchiera.o ABSOLUTE
    scacchiera\scacchiera.c                  0x00000000   Number         0  scacchiera.o ABSOLUTE
    startup_LPC17xx.s                        0x00000000   Number         0  startup_lpc17xx.o ABSOLUTE
    system_LPC17xx.c                         0x00000000   Number         0  system_lpc17xx.o ABSOLUTE
    system_LPC17xx.c                         0x00000000   Number         0  system_lpc17xx.o ABSOLUTE
    timer\IRQ_timer.c                        0x00000000   Number         0  irq_timer.o ABSOLUTE
    timer\\IRQ_timer.c                       0x00000000   Number         0  irq_timer.o ABSOLUTE
    timer\\lib_timer.c                       0x00000000   Number         0  lib_timer.o ABSOLUTE
    timer\lib_timer.c                        0x00000000   Number         0  lib_timer.o ABSOLUTE
    !!!main                                  0x000000cc   Section        8  __main.o(!!!main)
    !!!scatter                               0x000000d4   Section       52  __scatter.o(!!!scatter)
    !!handler_copy                           0x00000108   Section       26  __scatter_copy.o(!!handler_copy)
    !!handler_zi                             0x00000124   Section       28  __scatter_zi.o(!!handler_zi)
    .ARM.Collect$$libinit$$00000000          0x00000140   Section        2  libinit.o(.ARM.Collect$$libinit$$00000000)
    .ARM.Collect$$libinit$$00000002          0x00000142   Section        0  libinit2.o(.ARM.Collect$$libinit$$00000002)
    .ARM.Collect$$libinit$$00000004          0x00000142   Section        0  libinit2.o(.ARM.Collect$$libinit$$00000004)
    .ARM.Collect$$libinit$$0000000A          0x00000142   Section        0  libinit2.o(.ARM.Collect$$libinit$$0000000A)
    .ARM.Collect$$libinit$$0000000C          0x00000142   Section        0  libinit2.o(.ARM.Collect$$libinit$$0000000C)
    .ARM.Collect$$libinit$$0000000E          0x00000142   Section        0  libinit2.o(.ARM.Collect$$libinit$$0000000E)
    .ARM.Collect$$libinit$$00000011          0x00000142   Section        0  libinit2.o(.ARM.Collect$$libinit$$00000011)
    .ARM.Collect$$libinit$$00000013          0x00000142   Section        0  libinit2.o(.ARM.Collect$$libinit$$00000013)
    .ARM.Collect$$libinit$$00000015          0x00000142   Section        0  libinit2.o(.ARM.Collect$$libinit$$00000015)
    .ARM.Collect$$libinit$$00000017          0x00000142   Section        0  libinit2.o(.ARM.Collect$$libinit$$00000017)
    .ARM.Collect$$libinit$$00000019          0x00000142   Section        0  libinit2.o(.ARM.Collect$$libinit$$00000019)
    .ARM.Collect$$libinit$$0000001B          0x00000142   Section        0  libinit2.o(.ARM.Collect$$libinit$$0000001B)
    .ARM.Collect$$libinit$$0000001D          0x00000142   Section        0  libinit2.o(.ARM.Collect$$libinit$$0000001D)
    .ARM.Collect$$libinit$$0000001F          0x00000142   Section        0  libinit2.o(.ARM.Collect$$libinit$$0000001F)
    .ARM.Collect$$libinit$$00000021          0x00000142   Section        0  libinit2.o(.ARM.Collect$$libinit$$00000021)
    .ARM.Collect$$libinit$$00000023          0x00000142   Section        0  libinit2.o(.ARM.Collect$$libinit$$00000023)
    .ARM.Collect$$libinit$$00000025          0x00000142   Section        0  libinit2.o(.ARM.Collect$$libinit$$00000025)
    .ARM.Collect$$libinit$$0000002C          0x00000142   Section        0  libinit2.o(.ARM.Collect$$libinit$$0000002C)
    .ARM.Collect$$libinit$$0000002E          0x00000142   Section        0  libinit2.o(.ARM.Collect$$libinit$$0000002E)
    .ARM.Collect$$libinit$$00000030          0x00000142   Section        0  libinit2.o(.ARM.Collect$$libinit$$00000030)
    .ARM.Collect$$libinit$$00000032          0x00000142   Section        0  libinit2.o(.ARM.Collect$$libinit$$00000032)
    .ARM.Collect$$libinit$$00000033          0x00000142   Section        2  libinit2.o(.ARM.Collect$$libinit$$00000033)
    .ARM.Collect$$libshutdown$$00000000      0x00000144   Section        2  libshutdown.o(.ARM.Collect$$libshutdown$$00000000)
    .ARM.Collect$$libshutdown$$00000002      0x00000146   Section        0  libshutdown2.o(.ARM.Collect$$libshutdown$$00000002)
    .ARM.Collect$$libshutdown$$00000004      0x00000146   Section        0  libshutdown2.o(.ARM.Collect$$libshutdown$$00000004)
    .ARM.Collect$$libshutdown$$00000006      0x00000146   Section        0  libshutdown2.o(.ARM.Collect$$libshutdown$$00000006)
    .ARM.Collect$$libshutdown$$00000009      0x00000146   Section        0  libshutdown2.o(.ARM.Collect$$libshutdown$$00000009)
    .ARM.Collect$$libshutdown$$0000000C      0x00000146   Section        0  libshutdown2.o(.ARM.Collect$$libshutdown$$0000000C)
    .ARM.Collect$$libshutdown$$0000000E      0x00000146   Section        0  libshutdown2.o(.ARM.Collect$$libshutdown$$0000000E)
    .ARM.Collect$$libshutdown$$00000011      0x00000146   Section        0  libshutdown2.o(.ARM.Collect$$libshutdown$$00000011)
    .ARM.Collect$$libshutdown$$00000012      0x00000146   Section        2  libshutdown2.o(.ARM.Collect$$libshutdown$$00000012)
    .ARM.Collect$$rtentry$$00000000          0x00000148   Section        0  __rtentry.o(.ARM.Collect$$rtentry$$00000000)
    .ARM.Collect$$rtentry$$00000002          0x00000148   Section        0  __rtentry2.o(.ARM.Collect$$rtentry$$00000002)
    .ARM.Collect$$rtentry$$00000004          0x00000148   Section        6  __rtentry4.o(.ARM.Collect$$rtentry$$00000004)
    .ARM.Collect$$rtentry$$00000009          0x0000014e   Section        0  __rtentry2.o(.ARM.Collect$$rtentry$$00000009)
    .ARM.Collect$$rtentry$$0000000A          0x0000014e   Section        4  __rtentry2.o(.ARM.Collect$$rtentry$$0000000A)
    .ARM.Collect$$rtentry$$0000000C          0x00000152   Section        0  __rtentry2.o(.ARM.Collect$$rtentry$$0000000C)
    .ARM.Collect$$rtentry$$0000000D          0x00000152   Section        8  __rtentry2.o(.ARM.Collect$$rtentry$$0000000D)
    .ARM.Collect$$rtexit$$00000000           0x0000015a   Section        2  rtexit.o(.ARM.Collect$$rtexit$$00000000)
    .ARM.Collect$$rtexit$$00000002           0x0000015c   Section        0  rtexit2.o(.ARM.Collect$$rtexit$$00000002)
    .ARM.Collect$$rtexit$$00000003           0x0000015c   Section        4  rtexit2.o(.ARM.Collect$$rtexit$$00000003)
    .ARM.Collect$$rtexit$$00000004           0x00000160   Section        6  rtexit2.o(.ARM.Collect$$rtexit$$00000004)
    .text                                    0x00000168   Section        0  sample.o(.text)
    .text                                    0x000002a0   Section        0  asciilib.o(.text)
    .text                                    0x000002c0   Section       52  startup_lpc17xx.o(.text)
    .text                                    0x000002f4   Section        0  heapauxi.o(.text)
    .text                                    0x000002fa   Section        2  use_no_semi.o(.text)
    .ARM.__at_0x02FC                         0x000002fc   Section        4  startup_lpc17xx.o(.ARM.__at_0x02FC)
    .text                                    0x00000300   Section        0  system_lpc17xx.o(.text)
    .text                                    0x0000054c   Section        0  irq_timer.o(.text)
    .text                                    0x0000068c   Section        0  lib_timer.o(.text)
    __NVIC_EnableIRQ                         0x0000068d   Thumb Code    34  lib_timer.o(.text)
    .text                                    0x00000734   Section        0  glcd.o(.text)
    LCD_Configuration                        0x00000735   Thumb Code    20  glcd.o(.text)
    wait_delay                               0x00000749   Thumb Code    12  glcd.o(.text)
    LCD_SetCursor                            0x00000755   Thumb Code  1356  glcd.o(.text)
    delay_ms                                 0x00000ca1   Thumb Code    30  glcd.o(.text)
    LCD_BGR2RGB                              0x0000419d   Thumb Code    26  glcd.o(.text)
    .text                                    0x00004818   Section        0  scacchiera.o(.text)
    .text                                    0x00004958   Section        0  irq_button.o(.text)
    __NVIC_DisableIRQ                        0x00004959   Thumb Code    30  irq_button.o(.text)
    .text                                    0x00004ac0   Section        0  lib_button.o(.text)
    __NVIC_EnableIRQ                         0x00004ac1   Thumb Code    34  lib_button.o(.text)
    __NVIC_DisableIRQ                        0x00004ae3   Thumb Code    30  lib_button.o(.text)
    __NVIC_SetPriority                       0x00004b01   Thumb Code    32  lib_button.o(.text)
    .text                                    0x00004c30   Section        0  lib_joystick.o(.text)
    .text                                    0x00004cb4   Section        0  gioco.o(.text)
    .text                                    0x00006474   Section        0  irq_rit.o(.text)
    __NVIC_EnableIRQ                         0x00006475   Thumb Code    34  irq_rit.o(.text)
    .text                                    0x00006d78   Section        0  lib_rit.o(.text)
    .text                                    0x00006e38   Section        0  pedina.o(.text)
    .text                                    0x00007bd8   Section        0  muro.o(.text)
    .text                                    0x000085bc   Section        0  lib_can.o(.text)
    __NVIC_EnableIRQ                         0x000085bd   Thumb Code    34  lib_can.o(.text)
    CAN_cfgBaudrate                          0x000085df   Thumb Code    70  lib_can.o(.text)
    .text                                    0x00008acc   Section        0  irq_can.o(.text)
    .text                                    0x00008bf4   Section        0  ai.o(.text)
    .text                                    0x0000979c   Section      138  rt_memcpy_v6.o(.text)
    .text                                    0x00009826   Section      100  rt_memcpy_w.o(.text)
    .text                                    0x0000988a   Section       74  sys_stackheap_outer.o(.text)
    .text                                    0x000098d4   Section        0  exit.o(.text)
    .text                                    0x000098e8   Section        8  libspace.o(.text)
    .text                                    0x000098f0   Section        0  sys_exit.o(.text)
    .text                                    0x000098fc   Section        0  indicate_semi.o(.text)
    fun                                      0x000098fc   Section       38  move.o(fun)
    .constdata                               0x00009922   Section     1520  asciilib.o(.constdata)
    AsciiLib                                 0x00009922   Data        1520  asciilib.o(.constdata)
    .constdata                               0x00009f14   Section       68  lib_can.o(.constdata)
    STACK                                    0x10000000   Section     2048  startup_lpc17xx.o(STACK)
    Stack_Mem                                0x10000000   Data        2048  startup_lpc17xx.o(STACK)
    __initial_sp                             0x10000800   Data           0  startup_lpc17xx.o(STACK)
    .data                                    0x2007c000   Section        8  sample.o(.data)
    .data                                    0x2007c008   Section        5  system_lpc17xx.o(.data)
    .data                                    0x2007c00d   Section        1  glcd.o(.data)
    LCD_Code                                 0x2007c00d   Data           1  glcd.o(.data)
    .data                                    0x2007c010   Section       12  irq_button.o(.data)
    .data                                    0x2007c01c   Section       84  gioco.o(.data)
    .data                                    0x2007c070   Section       76  irq_rit.o(.data)
    Jselect                                  0x2007c098   Data           4  irq_rit.o(.data)
    Jdown                                    0x2007c09c   Data           4  irq_rit.o(.data)
    Jleft                                    0x2007c0a0   Data           4  irq_rit.o(.data)
    Jright                                   0x2007c0a4   Data           4  irq_rit.o(.data)
    Jup                                      0x2007c0a8   Data           4  irq_rit.o(.data)
    JupLeft                                  0x2007c0ac   Data           4  irq_rit.o(.data)
    JupRight                                 0x2007c0b0   Data           4  irq_rit.o(.data)
    JdownLeft                                0x2007c0b4   Data           4  irq_rit.o(.data)
    JdownRight                               0x2007c0b8   Data           4  irq_rit.o(.data)
    .data                                    0x2007c0bc   Section       16  muro.o(.data)
    .data                                    0x2007c0cc   Section       16  lib_can.o(.data)
    CAN_std_cnt                              0x2007c0d4   Data           4  lib_can.o(.data)
    CAN_ext_cnt                              0x2007c0d8   Data           4  lib_can.o(.data)
    .data                                    0x2007c0dc   Section       52  ai.o(.data)
    .bss                                     0x2007c110   Section      268  gioco.o(.bss)
    .bss                                     0x2007c21c   Section      256  muro.o(.bss)
    .bss                                     0x2007c31c   Section       32  lib_can.o(.bss)
    .bss                                     0x2007c33c   Section      256  ai.o(.bss)
    .bss                                     0x2007c43c   Section       96  libspace.o(.bss)
    HEAP                                     0x2007c4a0   Section        0  startup_lpc17xx.o(HEAP)
    Heap_Mem                                 0x2007c4a0   Data           0  startup_lpc17xx.o(HEAP)

    Global Symbols

    Symbol Name                              Value     Ov Type        Size  Object(Section)

    BuildAttributes$$THM_ISAv4$P$D$K$B$S$PE$A:L22UL41UL21$X:L11$S22US41US21$IEEE1$IW$USESV6$~STKCKD$USESV7$~SHL$OSPACE$ROPI$EBA8$UX$STANDARDLIB$REQ8$PRES8$EABIv2 0x00000000   Number         0  anon$$obj.o ABSOLUTE
    __ARM_use_no_argv                        0x00000000   Number         0  sample.o ABSOLUTE
    __Vectors                                0x00000000   Data           4  startup_lpc17xx.o(RESET)
    __ARM_exceptions_init                     - Undefined Weak Reference
    __alloca_initialize                       - Undefined Weak Reference
    __arm_fini_                               - Undefined Weak Reference
    __arm_preinit_                            - Undefined Weak Reference
    __cpp_initialize__aeabi_                  - Undefined Weak Reference
    __cxa_finalize                            - Undefined Weak Reference
    __rt_locale                               - Undefined Weak Reference
    __sigvec_lookup                           - Undefined Weak Reference
    _atexit_init                              - Undefined Weak Reference
    _call_atexit_fns                          - Undefined Weak Reference
    _clock_init                               - Undefined Weak Reference
    _fp_trap_init                             - Undefined Weak Reference
    _fp_trap_shutdown                         - Undefined Weak Reference
    _get_lc_collate                           - Undefined Weak Reference
    _get_lc_ctype                             - Undefined Weak Reference
    _get_lc_monetary                          - Undefined Weak Reference
    _get_lc_numeric                           - Undefined Weak Reference
    _get_lc_time                              - Undefined Weak Reference
    _getenv_init                              - Undefined Weak Reference
    _handle_redirection                       - Undefined Weak Reference
    _init_alloc                               - Undefined Weak Reference
    _init_user_alloc                          - Undefined Weak Reference
    _initio                                   - Undefined Weak Reference
    _rand_init                                - Undefined Weak Reference
    _signal_finish                            - Undefined Weak Reference
    _signal_init                              - Undefined Weak Reference
    _terminate_alloc                          - Undefined Weak Reference
    _terminate_user_alloc                     - Undefined Weak Reference
    _terminateio                              - Undefined Weak Reference
    __main                                   0x000000cd   Thumb Code     8  __main.o(!!!main)
    __scatterload                            0x000000d5   Thumb Code     0  __scatter.o(!!!scatter)
    __scatterload_rt2                        0x000000d5   Thumb Code    44  __scatter.o(!!!scatter)
    __scatterload_rt2_thumb_only             0x000000d5   Thumb Code     0  __scatter.o(!!!scatter)
    __scatterload_null                       0x000000e3   Thumb Code     0  __scatter.o(!!!scatter)
    __scatterload_copy                       0x00000109   Thumb Code    26  __scatter_copy.o(!!handler_copy)
    __scatterload_zeroinit                   0x00000125   Thumb Code    28  __scatter_zi.o(!!handler_zi)
    __rt_lib_init                            0x00000141   Thumb Code     0  libinit.o(.ARM.Collect$$libinit$$00000000)
    __rt_lib_init_alloca_1                   0x00000143   Thumb Code     0  libinit2.o(.ARM.Collect$$libinit$$0000002E)
    __rt_lib_init_argv_1                     0x00000143   Thumb Code     0  libinit2.o(.ARM.Collect$$libinit$$0000002C)
    __rt_lib_init_atexit_1                   0x00000143   Thumb Code     0  libinit2.o(.ARM.Collect$$libinit$$0000001B)
    __rt_lib_init_clock_1                    0x00000143   Thumb Code     0  libinit2.o(.ARM.Collect$$libinit$$00000021)
    __rt_lib_init_cpp_1                      0x00000143   Thumb Code     0  libinit2.o(.ARM.Collect$$libinit$$00000032)
    __rt_lib_init_exceptions_1               0x00000143   Thumb Code     0  libinit2.o(.ARM.Collect$$libinit$$00000030)
    __rt_lib_init_fp_1                       0x00000143   Thumb Code     0  libinit2.o(.ARM.Collect$$libinit$$00000002)
    __rt_lib_init_fp_trap_1                  0x00000143   Thumb Code     0  libinit2.o(.ARM.Collect$$libinit$$0000001F)
    __rt_lib_init_getenv_1                   0x00000143   Thumb Code     0  libinit2.o(.ARM.Collect$$libinit$$00000023)
    __rt_lib_init_heap_1                     0x00000143   Thumb Code     0  libinit2.o(.ARM.Collect$$libinit$$0000000A)
    __rt_lib_init_lc_collate_1               0x00000143   Thumb Code     0  libinit2.o(.ARM.Collect$$libinit$$00000011)
    __rt_lib_init_lc_ctype_1                 0x00000143   Thumb Code     0  libinit2.o(.ARM.Collect$$libinit$$00000013)
    __rt_lib_init_lc_monetary_1              0x00000143   Thumb Code     0  libinit2.o(.ARM.Collect$$libinit$$00000015)
    __rt_lib_init_lc_numeric_1               0x00000143   Thumb Code     0  libinit2.o(.ARM.Collect$$libinit$$00000017)
    __rt_lib_init_lc_time_1                  0x00000143   Thumb Code     0  libinit2.o(.ARM.Collect$$libinit$$00000019)
    __rt_lib_init_preinit_1                  0x00000143   Thumb Code     0  libinit2.o(.ARM.Collect$$libinit$$00000004)
    __rt_lib_init_rand_1                     0x00000143   Thumb Code     0  libinit2.o(.ARM.Collect$$libinit$$0000000E)
    __rt_lib_init_return                     0x00000143   Thumb Code     0  libinit2.o(.ARM.Collect$$libinit$$00000033)
    __rt_lib_init_signal_1                   0x00000143   Thumb Code     0  libinit2.o(.ARM.Collect$$libinit$$0000001D)
    __rt_lib_init_stdio_1                    0x00000143   Thumb Code     0  libinit2.o(.ARM.Collect$$libinit$$00000025)
    __rt_lib_init_user_alloc_1               0x00000143   Thumb Code     0  libinit2.o(.ARM.Collect$$libinit$$0000000C)
    __rt_lib_shutdown                        0x00000145   Thumb Code     0  libshutdown.o(.ARM.Collect$$libshutdown$$00000000)
    __rt_lib_shutdown_cpp_1                  0x00000147   Thumb Code     0  libshutdown2.o(.ARM.Collect$$libshutdown$$00000004)
    __rt_lib_shutdown_fini_1                 0x00000147   Thumb Code     0  libshutdown2.o(.ARM.Collect$$libshutdown$$00000002)
    __rt_lib_shutdown_fp_trap_1              0x00000147   Thumb Code     0  libshutdown2.o(.ARM.Collect$$libshutdown$$00000009)
    __rt_lib_shutdown_heap_1                 0x00000147   Thumb Code     0  libshutdown2.o(.ARM.Collect$$libshutdown$$00000011)
    __rt_lib_shutdown_return                 0x00000147   Thumb Code     0  libshutdown2.o(.ARM.Collect$$libshutdown$$00000012)
    __rt_lib_shutdown_signal_1               0x00000147   Thumb Code     0  libshutdown2.o(.ARM.Collect$$libshutdown$$0000000C)
    __rt_lib_shutdown_stdio_1                0x00000147   Thumb Code     0  libshutdown2.o(.ARM.Collect$$libshutdown$$00000006)
    __rt_lib_shutdown_user_alloc_1           0x00000147   Thumb Code     0  libshutdown2.o(.ARM.Collect$$libshutdown$$0000000E)
    __rt_entry                               0x00000149   Thumb Code     0  __rtentry.o(.ARM.Collect$$rtentry$$00000000)
    __rt_entry_presh_1                       0x00000149   Thumb Code     0  __rtentry2.o(.ARM.Collect$$rtentry$$00000002)
    __rt_entry_sh                            0x00000149   Thumb Code     0  __rtentry4.o(.ARM.Collect$$rtentry$$00000004)
    __rt_entry_li                            0x0000014f   Thumb Code     0  __rtentry2.o(.ARM.Collect$$rtentry$$0000000A)
    __rt_entry_postsh_1                      0x0000014f   Thumb Code     0  __rtentry2.o(.ARM.Collect$$rtentry$$00000009)
    __rt_entry_main                          0x00000153   Thumb Code     0  __rtentry2.o(.ARM.Collect$$rtentry$$0000000D)
    __rt_entry_postli_1                      0x00000153   Thumb Code     0  __rtentry2.o(.ARM.Collect$$rtentry$$0000000C)
    __rt_exit                                0x0000015b   Thumb Code     0  rtexit.o(.ARM.Collect$$rtexit$$00000000)
    __rt_exit_ls                             0x0000015d   Thumb Code     0  rtexit2.o(.ARM.Collect$$rtexit$$00000003)
    __rt_exit_prels_1                        0x0000015d   Thumb Code     0  rtexit2.o(.ARM.Collect$$rtexit$$00000002)
    __rt_exit_exit                           0x00000161   Thumb Code     0  rtexit2.o(.ARM.Collect$$rtexit$$00000004)
    main                                     0x00000169   Thumb Code   214  sample.o(.text)
    GetASCIICode                             0x000002a1   Thumb Code    26  asciilib.o(.text)
    Reset_Handler                            0x000002c1   Thumb Code     4  startup_lpc17xx.o(.text)
    NMI_Handler                              0x000002c5   Thumb Code     2  startup_lpc17xx.o(.text)
    HardFault_Handler                        0x000002c7   Thumb Code     2  startup_lpc17xx.o(.text)
    MemManage_Handler                        0x000002c9   Thumb Code     2  startup_lpc17xx.o(.text)
    BusFault_Handler                         0x000002cb   Thumb Code     2  startup_lpc17xx.o(.text)
    UsageFault_Handler                       0x000002cd   Thumb Code     2  startup_lpc17xx.o(.text)
    SVC_Handler                              0x000002cf   Thumb Code     2  startup_lpc17xx.o(.text)
    DebugMon_Handler                         0x000002d1   Thumb Code     2  startup_lpc17xx.o(.text)
    PendSV_Handler                           0x000002d3   Thumb Code     2  startup_lpc17xx.o(.text)
    SysTick_Handler                          0x000002d5   Thumb Code     2  startup_lpc17xx.o(.text)
    ADC_IRQHandler                           0x000002d7   Thumb Code     0  startup_lpc17xx.o(.text)
    BOD_IRQHandler                           0x000002d7   Thumb Code     0  startup_lpc17xx.o(.text)
    CANActivity_IRQHandler                   0x000002d7   Thumb Code     0  startup_lpc17xx.o(.text)
    DMA_IRQHandler                           0x000002d7   Thumb Code     0  startup_lpc17xx.o(.text)
    EINT3_IRQHandler                         0x000002d7   Thumb Code     0  startup_lpc17xx.o(.text)
    ENET_IRQHandler                          0x000002d7   Thumb Code     0  startup_lpc17xx.o(.text)
    I2C0_IRQHandler                          0x000002d7   Thumb Code     0  startup_lpc17xx.o(.text)
    I2C1_IRQHandler                          0x000002d7   Thumb Code     0  startup_lpc17xx.o(.text)
    I2C2_IRQHandler                          0x000002d7   Thumb Code     0  startup_lpc17xx.o(.text)
    I2S_IRQHandler                           0x000002d7   Thumb Code     0  startup_lpc17xx.o(.text)
    MCPWM_IRQHandler                         0x000002d7   Thumb Code     0  startup_lpc17xx.o(.text)
    PLL0_IRQHandler                          0x000002d7   Thumb Code     0  startup_lpc17xx.o(.text)
    PLL1_IRQHandler                          0x000002d7   Thumb Code     0  startup_lpc17xx.o(.text)
    PWM1_IRQHandler                          0x000002d7   Thumb Code     0  startup_lpc17xx.o(.text)
    QEI_IRQHandler                           0x000002d7   Thumb Code     0  startup_lpc17xx.o(.text)
    RTC_IRQHandler                           0x000002d7   Thumb Code     0  startup_lpc17xx.o(.text)
    SPI_IRQHandler                           0x000002d7   Thumb Code     0  startup_lpc17xx.o(.text)
    SSP0_IRQHandler                          0x000002d7   Thumb Code     0  startup_lpc17xx.o(.text)
    SSP1_IRQHandler                          0x000002d7   Thumb Code     0  startup_lpc17xx.o(.text)
    TIMER2_IRQHandler                        0x000002d7   Thumb Code     0  startup_lpc17xx.o(.text)
    TIMER3_IRQHandler                        0x000002d7   Thumb Code     0  startup_lpc17xx.o(.text)
    UART0_IRQHandler                         0x000002d7   Thumb Code     0  startup_lpc17xx.o(.text)
    UART1_IRQHandler                         0x000002d7   Thumb Code     0  startup_lpc17xx.o(.text)
    UART2_IRQHandler                         0x000002d7   Thumb Code     0  startup_lpc17xx.o(.text)
    UART3_IRQHandler                         0x000002d7   Thumb Code     0  startup_lpc17xx.o(.text)
    USBActivity_IRQHandler                   0x000002d7   Thumb Code     0  startup_lpc17xx.o(.text)
    USB_IRQHandler                           0x000002d7   Thumb Code     0  startup_lpc17xx.o(.text)
    WDT_IRQHandler                           0x000002d7   Thumb Code     0  startup_lpc17xx.o(.text)
    __user_initial_stackheap                 0x000002d9   Thumb Code     0  startup_lpc17xx.o(.text)
    __use_two_region_memory                  0x000002f5   Thumb Code     2  heapauxi.o(.text)
    __rt_heap_escrow$2region                 0x000002f7   Thumb Code     2  heapauxi.o(.text)
    __rt_heap_expand$2region                 0x000002f9   Thumb Code     2  heapauxi.o(.text)
    __I$use$semihosting                      0x000002fb   Thumb Code     0  use_no_semi.o(.text)
    __use_no_semihosting_swi                 0x000002fb   Thumb Code     2  use_no_semi.o(.text)
    SystemInit                               0x00000301   Thumb Code   552  system_lpc17xx.o(.text)
    TIMER0_IRQHandler                        0x0000054d   Thumb Code   240  irq_timer.o(.text)
    TIMER1_IRQHandler                        0x0000063d   Thumb Code    16  irq_timer.o(.text)
    enable_timer                             0x000006af   Thumb Code    20  lib_timer.o(.text)
    disable_timer                            0x000006c3   Thumb Code    20  lib_timer.o(.text)
    reset_timer                              0x000006d7   Thumb Code    30  lib_timer.o(.text)
    init_timer                               0x000006f5   Thumb Code    60  lib_timer.o(.text)
    LCD_Initialization                       0x00000cbf   Thumb Code 12014  glcd.o(.text)
    LCD_Clear                                0x00003bad   Thumb Code  1520  glcd.o(.text)
    LCD_GetPoint                             0x000041b7   Thumb Code   994  glcd.o(.text)
    LCD_SetPoint                             0x00004599   Thumb Code   206  glcd.o(.text)
    LCD_DrawLine                             0x00004667   Thumb Code   250  glcd.o(.text)
    PutChar                                  0x00004761   Thumb Code   100  glcd.o(.text)
    GUI_Text                                 0x000047c5   Thumb Code    80  glcd.o(.text)
    disegna_riquadri                         0x00004819   Thumb Code   140  scacchiera.o(.text)
    disegna_scacchiera                       0x000048a5   Thumb Code    84  scacchiera.o(.text)
    convertiInPixel                          0x000048f9   Thumb Code    12  scacchiera.o(.text)
    evidenzia_Human                          0x00004905   Thumb Code    42  scacchiera.o(.text)
    evidenzia_NPC                            0x0000492f   Thumb Code    42  scacchiera.o(.text)
    EINT0_IRQHandler                         0x00004977   Thumb Code    46  irq_button.o(.text)
    EINT1_IRQHandler                         0x000049a5   Thumb Code   156  irq_button.o(.text)
    EINT2_IRQHandler                         0x00004a41   Thumb Code    52  irq_button.o(.text)
    BUTTON_init                              0x00004b21   Thumb Code   124  lib_button.o(.text)
    BUTTON_init_disable                      0x00004b9d   Thumb Code   124  lib_button.o(.text)
    joystick_init                            0x00004c31   Thumb Code   122  lib_joystick.o(.text)
    prepara_gioco                            0x00004cb5   Thumb Code   100  gioco.o(.text)
    init_scacchiera                          0x00004d19   Thumb Code    36  gioco.o(.text)
    init_stato_scheda                        0x00004d3d   Thumb Code    12  gioco.o(.text)
    coloraIndicatore                         0x00004d49   Thumb Code    90  gioco.o(.text)
    controlloAdiacenti                       0x00004da3   Thumb Code  1410  gioco.o(.text)
    colora                                   0x00005325   Thumb Code   106  gioco.o(.text)
    start                                    0x0000538f   Thumb Code   566  gioco.o(.text)
    due_schede                               0x000055c5   Thumb Code   196  gioco.o(.text)
    invia_messaggio                          0x00005689   Thumb Code    46  gioco.o(.text)
    rimuoviColore                            0x000056b7   Thumb Code  1326  gioco.o(.text)
    cambiaTurno                              0x00005be5   Thumb Code   830  gioco.o(.text)
    cambiaTurno2schede                       0x00005f23   Thumb Code   638  gioco.o(.text)
    selectGameMode                           0x000061a1   Thumb Code   100  gioco.o(.text)
    selectOppositePlayerSingle               0x00006205   Thumb Code   398  gioco.o(.text)
    selectOppositePlayerTwo                  0x00006393   Thumb Code   100  gioco.o(.text)
    DelayUS                                  0x000063f7   Thumb Code    28  gioco.o(.text)
    RIT_IRQHandler                           0x00006497   Thumb Code  2258  irq_rit.o(.text)
    enable_RIT                               0x00006d79   Thumb Code    14  lib_rit.o(.text)
    disable_RIT                              0x00006d87   Thumb Code    14  lib_rit.o(.text)
    reset_RIT                                0x00006d95   Thumb Code     8  lib_rit.o(.text)
    init_RIT                                 0x00006d9d   Thumb Code   134  lib_rit.o(.text)
    coloraPiccolo                            0x00006e39   Thumb Code    86  pedina.o(.text)
    rimuoviPiccolo                           0x00006e8f   Thumb Code    34  pedina.o(.text)
    spostaPedinaDown                         0x00006eb1   Thumb Code   340  pedina.o(.text)
    spostaPedinaRight                        0x00007005   Thumb Code   340  pedina.o(.text)
    spostaPedinaLeft                         0x00007159   Thumb Code   356  pedina.o(.text)
    spostaPedinaUp                           0x000072bd   Thumb Code   340  pedina.o(.text)
    confermaPosizionePedina                  0x00007411   Thumb Code   262  pedina.o(.text)
    spostaPedinaUpRight                      0x00007517   Thumb Code   494  pedina.o(.text)
    spostaPedinaUpLeft                       0x00007705   Thumb Code   400  pedina.o(.text)
    spostaPedinaDownRight                    0x00007895   Thumb Code   400  pedina.o(.text)
    spostaPedinaDownLeft                     0x00007a25   Thumb Code   418  pedina.o(.text)
    disegna_provvisorioNotValid              0x00007bd9   Thumb Code   144  muro.o(.text)
    disegna_provvisorio                      0x00007c69   Thumb Code   144  muro.o(.text)
    verificaMuroRight                        0x00007cf9   Thumb Code    88  muro.o(.text)
    verificaMuroLeft                         0x00007d51   Thumb Code    86  muro.o(.text)
    verificaMuroDown                         0x00007da7   Thumb Code    86  muro.o(.text)
    verificaMuroUp                           0x00007dfd   Thumb Code    84  muro.o(.text)
    verificaValido                           0x00007e51   Thumb Code   264  muro.o(.text)
    controllaPercorso                        0x00007f59   Thumb Code   444  muro.o(.text)
    disegna_muro                             0x00008115   Thumb Code   140  muro.o(.text)
    rimuovi_muro                             0x000081a1   Thumb Code   386  muro.o(.text)
    spostaMuroUp                             0x00008323   Thumb Code    78  muro.o(.text)
    spostaMuroDown                           0x00008371   Thumb Code    78  muro.o(.text)
    spostaMuroLeft                           0x000083bf   Thumb Code   114  muro.o(.text)
    spostaMuroRight                          0x00008431   Thumb Code    78  muro.o(.text)
    ruotaMuro                                0x0000847f   Thumb Code    96  muro.o(.text)
    confermaPosizioneMuro                    0x000084df   Thumb Code   106  muro.o(.text)
    confermaPosizioneMuroPerAI               0x00008549   Thumb Code    56  muro.o(.text)
    CAN_setup                                0x00008625   Thumb Code   140  lib_can.o(.text)
    CAN_start                                0x000086b1   Thumb Code    18  lib_can.o(.text)
    CAN_waitReady                            0x000086c3   Thumb Code    26  lib_can.o(.text)
    CAN_wrMsg                                0x000086dd   Thumb Code    84  lib_can.o(.text)
    CAN_rdMsg                                0x00008731   Thumb Code    52  lib_can.o(.text)
    CAN_wrFilter                             0x00008765   Thumb Code   822  lib_can.o(.text)
    CAN_Init                                 0x00008a9b   Thumb Code    32  lib_can.o(.text)
    CAN_IRQHandler                           0x00008acd   Thumb Code   204  irq_can.o(.text)
    provaMuroDestra                          0x00008bf5   Thumb Code   126  ai.o(.text)
    provaMuroSinistra                        0x00008c73   Thumb Code   108  ai.o(.text)
    provaMuroSotto                           0x00008cdf   Thumb Code   122  ai.o(.text)
    provaMuroSopra                           0x00008d59   Thumb Code   112  ai.o(.text)
    ritornaMosseAV                           0x00008dc9   Thumb Code    38  ai.o(.text)
    selectMax                                0x00008def   Thumb Code   108  ai.o(.text)
    verificaPercorsoDown                     0x00008e5b   Thumb Code   338  ai.o(.text)
    azzeraVisitato                           0x00008fad   Thumb Code    34  ai.o(.text)
    verificaPercorsoRight                    0x00008fcf   Thumb Code   388  ai.o(.text)
    verificaPercorsoLeft                     0x00009153   Thumb Code   338  ai.o(.text)
    verificaPercorsoUp                       0x000092a5   Thumb Code   372  ai.o(.text)
    ritornaMosseAI                           0x00009419   Thumb Code    38  ai.o(.text)
    ArtificialIntelligence                   0x0000943f   Thumb Code   792  ai.o(.text)
    __aeabi_memcpy                           0x0000979d   Thumb Code     0  rt_memcpy_v6.o(.text)
    __rt_memcpy                              0x0000979d   Thumb Code   138  rt_memcpy_v6.o(.text)
    _memcpy_lastbytes                        0x00009803   Thumb Code     0  rt_memcpy_v6.o(.text)
    __aeabi_memcpy4                          0x00009827   Thumb Code     0  rt_memcpy_w.o(.text)
    __aeabi_memcpy8                          0x00009827   Thumb Code     0  rt_memcpy_w.o(.text)
    __rt_memcpy_w                            0x00009827   Thumb Code   100  rt_memcpy_w.o(.text)
    _memcpy_lastbytes_aligned                0x0000986f   Thumb Code     0  rt_memcpy_w.o(.text)
    __user_setup_stackheap                   0x0000988b   Thumb Code    74  sys_stackheap_outer.o(.text)
    exit                                     0x000098d5   Thumb Code    18  exit.o(.text)
    __user_libspace                          0x000098e9   Thumb Code     8  libspace.o(.text)
    __user_perproc_libspace                  0x000098e9   Thumb Code     0  libspace.o(.text)
    __user_perthread_libspace                0x000098e9   Thumb Code     0  libspace.o(.text)
    _sys_exit                                0x000098f1   Thumb Code     8  sys_exit.o(.text)
    __semihosting_library_function           0x000098fd   Thumb Code     0  indicate_semi.o(.text)
    function1                                0x000098fd   Thumb Code     0  move.o(fun)
    CAN_BIT_TIME                             0x00009f14   Data          68  lib_can.o(.constdata)
    Region$$Table$$Base                      0x00009f58   Number         0  anon$$obj.o(Region$$Table)
    Region$$Table$$Limit                     0x00009f88   Number         0  anon$$obj.o(Region$$Table)
    turno                                    0x2007c000   Data           4  sample.o(.data)
    time                                     0x2007c004   Data           4  sample.o(.data)
    SystemFrequency                          0x2007c008   Data           4  system_lpc17xx.o(.data)
    ScaleFlag                                0x2007c00c   Data           1  system_lpc17xx.o(.data)
    attivo                                   0x2007c010   Data           4  irq_button.o(.data)
    insMuro                                  0x2007c014   Data           4  irq_button.o(.data)
    muriFiniti                               0x2007c018   Data           4  irq_button.o(.data)
    whoami                                   0x2007c01c   Data           4  gioco.o(.data)
    W2                                       0x2007c020   Data           2  gioco.o(.data)
    W1                                       0x2007c022   Data           2  gioco.o(.data)
    spostato                                 0x2007c024   Data           4  gioco.o(.data)
    mossa                                    0x2007c028   Data           4  gioco.o(.data)
    tempoFinito                              0x2007c02c   Data           4  gioco.o(.data)
    P1Wall                                   0x2007c030   Data           4  gioco.o(.data)
    P2Wall                                   0x2007c034   Data           4  gioco.o(.data)
    posPlayer                                0x2007c038   Data           8  gioco.o(.data)
    posPlayerIn                              0x2007c040   Data           8  gioco.o(.data)
    posFermo                                 0x2007c048   Data           8  gioco.o(.data)
    P1pos                                    0x2007c050   Data           8  gioco.o(.data)
    P2pos                                    0x2007c058   Data           8  gioco.o(.data)
    myscheda                                 0x2007c060   Data           8  gioco.o(.data)
    move                                     0x2007c068   Data           4  gioco.o(.data)
    fine                                     0x2007c06c   Data           4  gioco.o(.data)
    down0                                    0x2007c070   Data           4  irq_rit.o(.data)
    down1                                    0x2007c074   Data           4  irq_rit.o(.data)
    down2                                    0x2007c078   Data           4  irq_rit.o(.data)
    down                                     0x2007c07c   Data           4  irq_rit.o(.data)
    gameMode                                 0x2007c080   Data           4  irq_rit.o(.data)
    sceltaOpposite                           0x2007c084   Data           4  irq_rit.o(.data)
    startPlay                                0x2007c088   Data           4  irq_rit.o(.data)
    iniziato                                 0x2007c08c   Data           4  irq_rit.o(.data)
    gm                                       0x2007c090   Data           4  irq_rit.o(.data)
    so                                       0x2007c094   Data           4  irq_rit.o(.data)
    Vertical                                 0x2007c0bc   Data           4  muro.o(.data)
    Horizontal                               0x2007c0c0   Data           4  muro.o(.data)
    muroMosso                                0x2007c0c4   Data           4  muro.o(.data)
    muroConferma                             0x2007c0c8   Data           4  muro.o(.data)
    icr                                      0x2007c0cc   Data           1  lib_can.o(.data)
    result                                   0x2007c0d0   Data           4  lib_can.o(.data)
    last                                     0x2007c0dc   Data           4  ai.o(.data)
    cntUp                                    0x2007c0e0   Data           4  ai.o(.data)
    cntDown                                  0x2007c0e4   Data           4  ai.o(.data)
    cntLeft                                  0x2007c0e8   Data           4  ai.o(.data)
    cntRight                                 0x2007c0ec   Data           4  ai.o(.data)
    lastAv                                   0x2007c0f0   Data           4  ai.o(.data)
    cntUpAv                                  0x2007c0f4   Data           4  ai.o(.data)
    cntDownAv                                0x2007c0f8   Data           4  ai.o(.data)
    cntLeftAv                                0x2007c0fc   Data           4  ai.o(.data)
    cntRightAv                               0x2007c100   Data           4  ai.o(.data)
    scelta                                   0x2007c104   Data           4  ai.o(.data)
    miaFine                                  0x2007c108   Data           4  ai.o(.data)
    fineAvv                                  0x2007c10c   Data           4  ai.o(.data)
    muriDir                                  0x2007c110   Data         256  gioco.o(.bss)
    posMuro                                  0x2007c210   Data          12  gioco.o(.bss)
    visitati                                 0x2007c21c   Data         256  muro.o(.bss)
    CAN_TxMsg                                0x2007c31c   Data          16  lib_can.o(.bss)
    CAN_RxMsg                                0x2007c32c   Data          16  lib_can.o(.bss)
    visitato                                 0x2007c33c   Data         256  ai.o(.bss)
    __libspace_start                         0x2007c43c   Data          96  libspace.o(.bss)
    __temporary_stack_top$libspace           0x2007c49c   Data           0  libspace.o(.bss)



==============================================================================

Memory Map of the image

  Image Entry point : 0x000000cd

  Load Region LR_IROM1 (Base: 0x00000000, Size: 0x0000a098, Max: 0x00080000, ABSOLUTE)

    Execution Region ER_IROM1 (Exec base: 0x00000000, Load base: 0x00000000, Size: 0x00009f88, Max: 0x00080000, ABSOLUTE)

    Exec Addr    Load Addr    Size         Type   Attr      Idx    E Section Name        Object

    0x00000000   0x00000000   0x000000cc   Data   RO          298    RESET               startup_lpc17xx.o
    0x000000cc   0x000000cc   0x00000008   Code   RO          795  * !!!main             c_w.l(__main.o)
    0x000000d4   0x000000d4   0x00000034   Code   RO          956    !!!scatter          c_w.l(__scatter.o)
    0x00000108   0x00000108   0x0000001a   Code   RO          958    !!handler_copy      c_w.l(__scatter_copy.o)
    0x00000122   0x00000122   0x00000002   PAD
    0x00000124   0x00000124   0x0000001c   Code   RO          960    !!handler_zi        c_w.l(__scatter_zi.o)
    0x00000140   0x00000140   0x00000002   Code   RO          824    .ARM.Collect$$libinit$$00000000  c_w.l(libinit.o)
    0x00000142   0x00000142   0x00000000   Code   RO          831    .ARM.Collect$$libinit$$00000002  c_w.l(libinit2.o)
    0x00000142   0x00000142   0x00000000   Code   RO          833    .ARM.Collect$$libinit$$00000004  c_w.l(libinit2.o)
    0x00000142   0x00000142   0x00000000   Code   RO          836    .ARM.Collect$$libinit$$0000000A  c_w.l(libinit2.o)
    0x00000142   0x00000142   0x00000000   Code   RO          838    .ARM.Collect$$libinit$$0000000C  c_w.l(libinit2.o)
    0x00000142   0x00000142   0x00000000   Code   RO          840    .ARM.Collect$$libinit$$0000000E  c_w.l(libinit2.o)
    0x00000142   0x00000142   0x00000000   Code   RO          843    .ARM.Collect$$libinit$$00000011  c_w.l(libinit2.o)
    0x00000142   0x00000142   0x00000000   Code   RO          845    .ARM.Collect$$libinit$$00000013  c_w.l(libinit2.o)
    0x00000142   0x00000142   0x00000000   Code   RO          847    .ARM.Collect$$libinit$$00000015  c_w.l(libinit2.o)
    0x00000142   0x00000142   0x00000000   Code   RO          849    .ARM.Collect$$libinit$$00000017  c_w.l(libinit2.o)
    0x00000142   0x00000142   0x00000000   Code   RO          851    .ARM.Collect$$libinit$$00000019  c_w.l(libinit2.o)
    0x00000142   0x00000142   0x00000000   Code   RO          853    .ARM.Collect$$libinit$$0000001B  c_w.l(libinit2.o)
    0x00000142   0x00000142   0x00000000   Code   RO          855    .ARM.Collect$$libinit$$0000001D  c_w.l(libinit2.o)
    0x00000142   0x00000142   0x00000000   Code   RO          857    .ARM.Collect$$libinit$$0000001F  c_w.l(libinit2.o)
    0x00000142   0x00000142   0x00000000   Code   RO          859    .ARM.Collect$$libinit$$00000021  c_w.l(libinit2.o)
    0x00000142   0x00000142   0x00000000   Code   RO          861    .ARM.Collect$$libinit$$00000023  c_w.l(libinit2.o)
    0x00000142   0x00000142   0x00000000   Code   RO          863    .ARM.Collect$$libinit$$00000025  c_w.l(libinit2.o)
    0x00000142   0x00000142   0x00000000   Code   RO          867    .ARM.Collect$$libinit$$0000002C  c_w.l(libinit2.o)
    0x00000142   0x00000142   0x00000000   Code   RO          869    .ARM.Collect$$libinit$$0000002E  c_w.l(libinit2.o)
    0x00000142   0x00000142   0x00000000   Code   RO          871    .ARM.Collect$$libinit$$00000030  c_w.l(libinit2.o)
    0x00000142   0x00000142   0x00000000   Code   RO          873    .ARM.Collect$$libinit$$00000032  c_w.l(libinit2.o)
    0x00000142   0x00000142   0x00000002   Code   RO          874    .ARM.Collect$$libinit$$00000033  c_w.l(libinit2.o)
    0x00000144   0x00000144   0x00000002   Code   RO          894    .ARM.Collect$$libshutdown$$00000000  c_w.l(libshutdown.o)
    0x00000146   0x00000146   0x00000000   Code   RO          907    .ARM.Collect$$libshutdown$$00000002  c_w.l(libshutdown2.o)
    0x00000146   0x00000146   0x00000000   Code   RO          909    .ARM.Collect$$libshutdown$$00000004  c_w.l(libshutdown2.o)
    0x00000146   0x00000146   0x00000000   Code   RO          911    .ARM.Collect$$libshutdown$$00000006  c_w.l(libshutdown2.o)
    0x00000146   0x00000146   0x00000000   Code   RO          914    .ARM.Collect$$libshutdown$$00000009  c_w.l(libshutdown2.o)
    0x00000146   0x00000146   0x00000000   Code   RO          917    .ARM.Collect$$libshutdown$$0000000C  c_w.l(libshutdown2.o)
    0x00000146   0x00000146   0x00000000   Code   RO          919    .ARM.Collect$$libshutdown$$0000000E  c_w.l(libshutdown2.o)
    0x00000146   0x00000146   0x00000000   Code   RO          922    .ARM.Collect$$libshutdown$$00000011  c_w.l(libshutdown2.o)
    0x00000146   0x00000146   0x00000002   Code   RO          923    .ARM.Collect$$libshutdown$$00000012  c_w.l(libshutdown2.o)
    0x00000148   0x00000148   0x00000000   Code   RO          797    .ARM.Collect$$rtentry$$00000000  c_w.l(__rtentry.o)
    0x00000148   0x00000148   0x00000000   Code   RO          801    .ARM.Collect$$rtentry$$00000002  c_w.l(__rtentry2.o)
    0x00000148   0x00000148   0x00000006   Code   RO          813    .ARM.Collect$$rtentry$$00000004  c_w.l(__rtentry4.o)
    0x0000014e   0x0000014e   0x00000000   Code   RO          803    .ARM.Collect$$rtentry$$00000009  c_w.l(__rtentry2.o)
    0x0000014e   0x0000014e   0x00000004   Code   RO          804    .ARM.Collect$$rtentry$$0000000A  c_w.l(__rtentry2.o)
    0x00000152   0x00000152   0x00000000   Code   RO          806    .ARM.Collect$$rtentry$$0000000C  c_w.l(__rtentry2.o)
    0x00000152   0x00000152   0x00000008   Code   RO          807    .ARM.Collect$$rtentry$$0000000D  c_w.l(__rtentry2.o)
    0x0000015a   0x0000015a   0x00000002   Code   RO          828    .ARM.Collect$$rtexit$$00000000  c_w.l(rtexit.o)
    0x0000015c   0x0000015c   0x00000000   Code   RO          876    .ARM.Collect$$rtexit$$00000002  c_w.l(rtexit2.o)
    0x0000015c   0x0000015c   0x00000004   Code   RO          877    .ARM.Collect$$rtexit$$00000003  c_w.l(rtexit2.o)
    0x00000160   0x00000160   0x00000006   Code   RO          878    .ARM.Collect$$rtexit$$00000004  c_w.l(rtexit2.o)
    0x00000166   0x00000166   0x00000002   PAD
    0x00000168   0x00000168   0x00000138   Code   RO            4    .text               sample.o
    0x000002a0   0x000002a0   0x00000020   Code   RO          203    .text               asciilib.o
    0x000002c0   0x000002c0   0x00000034   Code   RO          300    .text               startup_lpc17xx.o
    0x000002f4   0x000002f4   0x00000006   Code   RO          793    .text               c_w.l(heapauxi.o)
    0x000002fa   0x000002fa   0x00000002   Code   RO          897    .text               c_w.l(use_no_semi.o)
    0x000002fc   0x000002fc   0x00000004   Code   RO          299    .ARM.__at_0x02FC    startup_lpc17xx.o
    0x00000300   0x00000300   0x0000024c   Code   RO           97    .text               system_lpc17xx.o
    0x0000054c   0x0000054c   0x00000140   Code   RO          128    .text               irq_timer.o
    0x0000068c   0x0000068c   0x000000a8   Code   RO          178    .text               lib_timer.o
    0x00000734   0x00000734   0x000040e4   Code   RO          223    .text               glcd.o
    0x00004818   0x00004818   0x00000140   Code   RO          269    .text               scacchiera.o
    0x00004958   0x00004958   0x00000168   Code   RO          309    .text               irq_button.o
    0x00004ac0   0x00004ac0   0x00000170   Code   RO          360    .text               lib_button.o
    0x00004c30   0x00004c30   0x00000084   Code   RO          413    .text               lib_joystick.o
    0x00004cb4   0x00004cb4   0x000017c0   Code   RO          437    .text               gioco.o
    0x00006474   0x00006474   0x00000904   Code   RO          501    .text               irq_rit.o
    0x00006d78   0x00006d78   0x000000c0   Code   RO          554    .text               lib_rit.o
    0x00006e38   0x00006e38   0x00000da0   Code   RO          582    .text               pedina.o
    0x00007bd8   0x00007bd8   0x000009e4   Code   RO          625    .text               muro.o
    0x000085bc   0x000085bc   0x00000510   Code   RO          672    .text               lib_can.o
    0x00008acc   0x00008acc   0x00000128   Code   RO          707    .text               irq_can.o
    0x00008bf4   0x00008bf4   0x00000ba8   Code   RO          739    .text               ai.o
    0x0000979c   0x0000979c   0x0000008a   Code   RO          791    .text               c_w.l(rt_memcpy_v6.o)
    0x00009826   0x00009826   0x00000064   Code   RO          798    .text               c_w.l(rt_memcpy_w.o)
    0x0000988a   0x0000988a   0x0000004a   Code   RO          815    .text               c_w.l(sys_stackheap_outer.o)
    0x000098d4   0x000098d4   0x00000012   Code   RO          817    .text               c_w.l(exit.o)
    0x000098e6   0x000098e6   0x00000002   PAD
    0x000098e8   0x000098e8   0x00000008   Code   RO          825    .text               c_w.l(libspace.o)
    0x000098f0   0x000098f0   0x0000000c   Code   RO          886    .text               c_w.l(sys_exit.o)
    0x000098fc   0x000098fc   0x00000000   Code   RO          899    .text               c_w.l(indicate_semi.o)
    0x000098fc   0x000098fc   0x00000026   Code   RO          495    fun                 move.o
    0x00009922   0x00009922   0x000005f0   Data   RO          204    .constdata          asciilib.o
    0x00009f12   0x00009f12   0x00000002   PAD
    0x00009f14   0x00009f14   0x00000044   Data   RO          674    .constdata          lib_can.o
    0x00009f58   0x00009f58   0x00000030   Data   RO          954    Region$$Table       anon$$obj.o


    Execution Region RW_IRAM1 (Exec base: 0x10000000, Load base: 0x00009f88, Size: 0x00000800, Max: 0x00008000, ABSOLUTE)

    Exec Addr    Load Addr    Size         Type   Attr      Idx    E Section Name        Object

    0x10000000        -       0x00000800   Zero   RW          296    STACK               startup_lpc17xx.o


    Execution Region RW_IRAM2 (Exec base: 0x2007c000, Load base: 0x00009f88, Size: 0x000004a0, Max: 0x00008000, ABSOLUTE)

    Exec Addr    Load Addr    Size         Type   Attr      Idx    E Section Name        Object

    0x2007c000   0x00009f88   0x00000008   Data   RW            6    .data               sample.o
    0x2007c008   0x00009f90   0x00000005   Data   RW           98    .data               system_lpc17xx.o
    0x2007c00d   0x00009f95   0x00000001   Data   RW          224    .data               glcd.o
    0x2007c00e   0x00009f96   0x00000002   PAD
    0x2007c010   0x00009f98   0x0000000c   Data   RW          310    .data               irq_button.o
    0x2007c01c   0x00009fa4   0x00000054   Data   RW          439    .data               gioco.o
    0x2007c070   0x00009ff8   0x0000004c   Data   RW          502    .data               irq_rit.o
    0x2007c0bc   0x0000a044   0x00000010   Data   RW          627    .data               muro.o
    0x2007c0cc   0x0000a054   0x00000010   Data   RW          675    .data               lib_can.o
    0x2007c0dc   0x0000a064   0x00000034   Data   RW          741    .data               ai.o
    0x2007c110        -       0x0000010c   Zero   RW          438    .bss                gioco.o
    0x2007c21c        -       0x00000100   Zero   RW          626    .bss                muro.o
    0x2007c31c        -       0x00000020   Zero   RW          673    .bss                lib_can.o
    0x2007c33c        -       0x00000100   Zero   RW          740    .bss                ai.o
    0x2007c43c        -       0x00000060   Zero   RW          826    .bss                c_w.l(libspace.o)
    0x2007c49c   0x0000a098   0x00000004   PAD
    0x2007c4a0        -       0x00000000   Zero   RW          297    HEAP                startup_lpc17xx.o


==============================================================================

Image component sizes


      Code (inc. data)   RO Data    RW Data    ZI Data      Debug   Object Name

      2984        142          0         52        256       7663   ai.o
        32          6       1520          0          0       1067   asciilib.o
      6080        714          0         84        268      35572   gioco.o
     16612        104          0          1          0      40131   glcd.o
       360         76          0         12          0       1381   irq_button.o
       296         92          0          0          0        733   irq_can.o
      2308        228          0         76          0      29098   irq_rit.o
       320         64          0          0          0      17650   irq_timer.o
       368         24          0          0          0       1258   lib_button.o
      1296         66         68         16         32       4316   lib_can.o
       132         10          0          0          0        472   lib_joystick.o
       192         22          0          0          0      27619   lib_rit.o
       168          4          0          0          0       1412   lib_timer.o
        38          0          0          0          0        256   move.o
      2532        114          0         16        256       8381   muro.o
      3488        144          0          0          0       4652   pedina.o
       312         98          0          8          0      50112   sample.o
       320          0          0          0          0       1968   scacchiera.o
        56         22        204          0       2048       1000   startup_lpc17xx.o
       588         36          0          5          0        933   system_lpc17xx.o

    ----------------------------------------------------------------------
     38482       1966       1842        272       2860     235674   Object Totals
         0          0         48          0          0          0   (incl. Generated)
         0          0          2          2          0          0   (incl. Padding)

    ----------------------------------------------------------------------

      Code (inc. data)   RO Data    RW Data    ZI Data      Debug   Library Member Name

         8          0          0          0          0         68   __main.o
         0          0          0          0          0          0   __rtentry.o
        12          0          0          0          0          0   __rtentry2.o
         6          0          0          0          0          0   __rtentry4.o
        52          8          0          0          0          0   __scatter.o
        26          0          0          0          0          0   __scatter_copy.o
        28          0          0          0          0          0   __scatter_zi.o
        18          0          0          0          0         80   exit.o
         6          0          0          0          0        152   heapauxi.o
         0          0          0          0          0          0   indicate_semi.o
         2          0          0          0          0          0   libinit.o
         2          0          0          0          0          0   libinit2.o
         2          0          0          0          0          0   libshutdown.o
         2          0          0          0          0          0   libshutdown2.o
         8          4          0          0         96         68   libspace.o
       138          0          0          0          0         68   rt_memcpy_v6.o
       100          0          0          0          0         80   rt_memcpy_w.o
         2          0          0          0          0          0   rtexit.o
        10          0          0          0          0          0   rtexit2.o
        12          4          0          0          0         68   sys_exit.o
        74          0          0          0          0         80   sys_stackheap_outer.o
         2          0          0          0          0         68   use_no_semi.o

    ----------------------------------------------------------------------
       516         16          0          0        100        732   Library Totals
         6          0          0          0          4          0   (incl. Padding)

    ----------------------------------------------------------------------

      Code (inc. data)   RO Data    RW Data    ZI Data      Debug   Library Name

       510         16          0          0         96        732   c_w.l

    ----------------------------------------------------------------------
       516         16          0          0        100        732   Library Totals

    ----------------------------------------------------------------------

==============================================================================


      Code (inc. data)   RO Data    RW Data    ZI Data      Debug   

     38998       1982       1842        272       2960     235050   Grand Totals
     38998       1982       1842        272       2960     235050   ELF Image Totals
     38998       1982       1842        272          0          0   ROM Totals

==============================================================================

    Total RO  Size (Code + RO Data)                40840 (  39.88kB)
    Total RW  Size (RW Data + ZI Data)              3232 (   3.16kB)
    Total ROM Size (Code + RO Data + RW Data)      41112 (  40.15kB)

==============================================================================

